[www.califloyoga.com/index.html]
[static.parastorage.com/unpkg/core-js-bundle@3.2.1/minified.js]
[static.parastorage.com/unpkg/focus-within-polyfill@5.0.9/dist/focus-within-polyfill.js]
[static.wixstatic.com/media/25937b_91804803d6a249ca8a36955f8b301af8_mv2.jpg/v1/fill/w_32,h_32,lg_1,usm_0.66_1.00_0.01/25937b_91804803d6a249ca8a36955f8b301af8_mv2.0]
[backblue.gif]
[fade.gif]
[index.html]
[polyfill.io/v3/polyfill.mind82c.js]
[browser.sentry-cdn.com/6.18.2/bundle.min.js]
[www.califloyoga.com/decodeURIComponent(e.5.delayed]
[www.califloyoga.com/sitemap.xml]
[www.califloyoga.com/feed.7.delayed]
[static.parastorage.com/services/wix-thunderbolt/dist/ab-test-compilation/thunderbolt-commons.7ca534fa.bundle.min.js]
[static.parastorage.com/services/wix-thunderbolt/dist/ab-test-compilation/main.c16c2c7f.bundle.min.js]
[static.parastorage.com/unpkg/lodash@4.17.21/lodash.min.js]
[static.parastorage.com/unpkg/react@16.14.0/umd/react.production.min.js]
[static.parastorage.com/services/tag-manager-client/1.427.0/siteTags.bundle.min.js]
[static.parastorage.com/unpkg-semver/mobile-app-banner/app.bundle.min.js]
[static.parastorage.com/services/wix-perf-measure/1.1042.0/wix-perf-measure.bundle.min.js]
[static.parastorage.com/unpkg/react-dom@16.14.0/umd/react-dom.production.min.js]
[www.califloyoga.com/eec152dc.min.10.delayed]
[www.califloyoga.com/dee20801.min.11.delayed]
[www.califloyoga.com/da6c52cb.min.12.delayed]
[www.califloyoga.com/b604fd33.min.13.delayed]
[www.califloyoga.com/213414f5.min.14.delayed]
[www.califloyoga.com/6cf6915d.min.15.delayed]
[www.califloyoga.com/9455f099.min.16.delayed]
[www.califloyoga.com/ba99686b.min.17.delayed]
[www.califloyoga.com/7c602eb2.min.18.delayed]
[www.califloyoga.com/caeea34d.min.19.delayed]
[www.califloyoga.com/99a6a99f.min.1a.delayed]
[www.califloyoga.com/62a3290c.min.1b.delayed]
[www.califloyoga.com/1f15f937.min.1c.delayed]
[www.califloyoga.com/7a36fe10.chunk.min.1d.delayed]
[www.califloyoga.com/rb_wixui.thunderbolt_bootstrap-classic.db545a77.chunk.min.1e.delayed]
[www.califloyoga.com/rb_wixui.thunderbolt_bootstrap.8a86afda.chunk.min.1f.delayed]
[www.califloyoga.com/rb_wixui.thunderbolt_bootstrap.7a36fe10.chunk.min.20.delayed]
[www.califloyoga.com/rb_wixui.thunderbolt_bootstrap-responsive.f3ca696f.chunk.min.21.delayed]
[www.califloyoga.com/rb_wixui.thunderbolt_bootstrap-responsive.e3671379.chunk.min.22.delayed]
[www.califloyoga.com/rb_wixui.thunderbolt_common-site-members-dialogs.384b0b57.chunk.min.23.delayed]
[www.califloyoga.com/rb_wixui.thunderbolt_common-site-members-dialogs.2059cbfd.chunk.min.24.delayed]
[www.califloyoga.com/rb_wixui.corvid_core.3ae99ef5.chunk.min.25.delayed]
[static.wixstatic.com/media/25937b_c53c2c9ccbff479ab2792a0a8c88fb0b_mv2.png/v1/fill/w_167,h_160,al_c,q_85,usm_0.66_1.00_0.01,enc_auto/CaliFloLogoPNG4_3_19.png]
[static.wixstatic.com/media/25937b_5f89fe4dc4194eb1ae13115d3c0651b2_mv2.png/v1/crop/x_496,y_0,w_1308,h_433/fill/w_259,h_86,al_c,q_85,usm_0/Aquarian-Clinic-Logo-Da]
[static.wixstatic.com/media/25937b_5f89fe4dc4194eb1ae13115d3c0651b2_mv2.png/v1/crop/x_0,y_0,w_456,h_433/fill/w_112,h_106,al_c,q_85,usm_0.66/Aquarian-Clinic-Logo-Da]
[www.califloyoga.com/about-us.html]
[www.califloyoga.com/plans-pricing.html]
[www.califloyoga.com/book-online.html]
[www.califloyoga.com/eventschedule.html]
[www.califloyoga.com/services-4.html]
[www.califloyoga.com/services-7.html]
[www.califloyoga.com/copy-of-embody-yoga-teacher-training.html]
[static.wixstatic.com/media/25937b_2b9be510ba4642b2b95df8b52d760a4f_mv2.jpe/v1/fill/w_145,h_97,al_c,q_80,usm_0.66_1.00_0.01,blur_2,/25937b_2b9be510ba4642b2b95df8b5]
[static.wixstatic.com/media/25937b_4e732396dd7c424397373904eb84e76c_mv2.jpg/v1/fill/w_147,h_90,al_c,q_80,usm_0.66_1.00_0.01,blur_2,/25937b_4e732396dd7c424397373904]
[www.califloyoga.com/team.html]
[static.wixstatic.com/media/25937b_f402fefc19e5471aac63d75c9874be6b_mv2.jpg/v1/fill/w_147,h_158,al_c,q_80,usm_0.66_1.00_0.01,blur_2/25937b_f402fefc19e5471aac63d75c]
[www.califloyoga.com/event-details/mats-at-township-11.html]
[static.wixstatic.com/media/2dfe99_b5170a8d8b2043e08dcc47c1b6ebb77d_mv2.png/v1/fill/w_49,h_49,al_c,q_85,usm_0.66_1.00_0.01,blur_2,e/2dfe99_b5170a8d8b2043e08dcc47c1]
[www.califloyoga.com/event-details/sound-bath-20.html]
[www.califloyoga.com/index.html]
[www.califloyoga.com/decodeURIComponent(e.html]
[www.califloyoga.com/feed.html]
[www.califloyoga.com/eec152dc.min.html]
[www.califloyoga.com/dee20801.min.html]
[www.califloyoga.com/da6c52cb.min.html]
[www.califloyoga.com/b604fd33.min.html]
[www.califloyoga.com/213414f5.min.html]
[www.califloyoga.com/6cf6915d.min.html]
[www.califloyoga.com/9455f099.min.html]
[www.califloyoga.com/ba99686b.min.html]
[www.califloyoga.com/7c602eb2.min.html]
[www.califloyoga.com/caeea34d.min.html]
[www.califloyoga.com/99a6a99f.min.html]
[www.califloyoga.com/62a3290c.min.html]
[www.califloyoga.com/1f15f937.min.html]
[www.califloyoga.com/7a36fe10.chunk.min.html]
[www.califloyoga.com/rb_wixui.thunderbolt_bootstrap-classic.db545a77.chunk.min.html]
[www.califloyoga.com/rb_wixui.thunderbolt_bootstrap.8a86afda.chunk.min.html]
[www.califloyoga.com/rb_wixui.thunderbolt_bootstrap.7a36fe10.chunk.min.html]
[www.califloyoga.com/rb_wixui.thunderbolt_bootstrap-responsive.f3ca696f.chunk.min.html]
[www.califloyoga.com/rb_wixui.thunderbolt_bootstrap-responsive.e3671379.chunk.min.html]
[www.califloyoga.com/rb_wixui.thunderbolt_common-site-members-dialogs.384b0b57.chunk.min.html]
[www.califloyoga.com/rb_wixui.thunderbolt_common-site-members-dialogs.2059cbfd.chunk.min.html]
[www.califloyoga.com/rb_wixui.corvid_core.3ae99ef5.chunk.min.html]
[static.parastorage.com/services/wix-thunderbolt/dist/bootstrap-features.9ca6e510.bundle.min.js]
[static.parastorage.com/services/wix-thunderbolt/dist/main.cb675ae8.bundle.min.js]
[static.wixstatic.com/media/25937b_8cf66826b227441eb4f63628ac833ccd_mv2.jpe/v1/fill/w_123,h_184,al_c,q_80,usm_0.66_1.00_0.01,blur_2/25937b_8cf66826b227441eb4f63628]
[www.califloyoga.com/about-us.html]
[static.wixstatic.com/media/25937b_af27bd3cdeb248548d71a4b60f6dfdd0_mv2.jpe/v1/fill/w_111,h_74,al_c,q_80,usm_0.66_1.00_0.01,blur_2,/25937b_af27bd3cdeb248548d71a4b6]
[static.wixstatic.com/media/25937b_d8c76005fa9b46f090e45c33d2e43aae_mv2.jpe/v1/fill/w_192,h_128,al_c,q_80,usm_0.66_1.00_0.01,blur_2/25937b_d8c76005fa9b46f090e45c33]
[www.califloyoga.com/version/index.html]
[www.califloyoga.com/event-details/pints-poses-5.html]
[www.califloyoga.com/1a5cb388.min.3d.delayed]
[static.wixstatic.com/media/25937b_b82a38e1882d499ea706e6cfc4d44777_mv2.jpe/v1/fill/w_33,h_50,al_c,q_80,usm_0.66_1.00_0.01,blur_3,e/25937b_b82a38e1882d499ea706e6cf]
[static.wixstatic.com/media/25937b_b997536194f345b58054f991c3f0c3f5_mv2.jpe/v1/fill/w_33,h_50,al_c,q_80,usm_0.66_1.00_0.01,blur_3,e/25937b_b997536194f345b58054f991]
[www.califloyoga.com/service-page/railroad-noon-flo.html]
[www.califloyoga.com/service-page/railroad-square-flo.html]
[static.wixstatic.com/media/25937b_1048ce23f0eb4cc7b828b6df5f0a24e4_mv2.jpe/v1/fill/w_50,h_33,al_c,q_80,usm_0.66_1.00_0.01,blur_3,e/25937b_1048ce23f0eb4cc7b828b6df]
[static.wixstatic.com/media/25937b_64db7e8bd49d43e7bd259efbe1ce91e7_mv2.jpe/v1/fill/w_50,h_33,al_c,q_80,usm_0.66_1.00_0.01,blur_3,e/25937b_64db7e8bd49d43e7bd259efb]
[static.wixstatic.com/media/25937b_7b8a78df1f0a4f25bec7cfe06df40b62_mv2.png/v1/fill/w_50,h_50,al_c,q_85,usm_0.66_1.00_0.01,blur_3,e/25937b_7b8a78df1f0a4f25bec7cfe0]
[www.califloyoga.com/service-page/railroad-power-flo.html]
[www.califloyoga.com/service-page/railroad-soul-flo-1.html]
[static.wixstatic.com/media/25937b_1b3ee0e898ae4620ba8d1ad079732cf4_mv2.jpe/v1/fill/w_33,h_50,al_c,q_80,usm_0.66_1.00_0.01,blur_3,e/25937b_1b3ee0e898ae4620ba8d1ad0]
[www.califloyoga.com/service-page/railroad-align-and-flo.html]
[static.wixstatic.com/media/25937b_e35defd3487f448eb9ea7ed3ea3be563_mv2.jpe/v1/fill/w_33,h_50,al_c,q_80,usm_0.66_1.00_0.01,blur_3,e/25937b_e35defd3487f448eb9ea7ed3]
[www.califloyoga.com/service-page/railroad-intermediate-flo.html]
[static.wixstatic.com/media/25937b_fa37cfb198814b7caf0eec27e8bed408_mv2.png/v1/fill/w_50,h_50,al_c,q_85,usm_0.66_1.00_0.01,blur_3,e/25937b_fa37cfb198814b7caf0eec27]
[www.califloyoga.com/service-page/railroad-soul-flo-2.html]
[www.califloyoga.com/service-page/railroad-divine-donation-flo-1.html]
[static.wixstatic.com/media/25937b_ef3d0374262c478d9b4d0bf8253cbba2_mv2.jpe/v1/fill/w_33,h_50,al_c,q_80,usm_0.66_1.00_0.01,blur_3,e/25937b_ef3d0374262c478d9b4d0bf8]
[static.wixstatic.com/media/25937b_6426d900c54d4fa691a0f95f44255de6_mv2.png/v1/fill/w_50,h_50,al_c,q_85,usm_0.66_1.00_0.01,blur_3,e/25937b_6426d900c54d4fa691a0f95f]
[www.califloyoga.com/service-page/railroad-yin-yoga-mediation.html]
[static.wixstatic.com/media/25937b_dd7cd1e146054449a089ce2e50839a38_mv2.jpg/v1/fill/w_33,h_50,al_c,q_80,usm_0.66_1.00_0.01,blur_3,e/25937b_dd7cd1e146054449a089ce2e]
[www.califloyoga.com/service-page/railroad-sunrise-flo.html]
[static.wixstatic.com/media/25937b_5a95fb067ed742768ac62164380d2192_mv2.jpe/v1/fill/w_50,h_33,al_c,q_80,usm_0.66_1.00_0.01,blur_3,e/25937b_5a95fb067ed742768ac62164]
[static.wixstatic.com/media/25937b_69cb09f9b22f405dbf350cbeeee5015d_mv2.jpe/v1/fill/w_50,h_33,al_c,q_80,usm_0.66_1.00_0.01,blur_3,e/25937b_69cb09f9b22f405dbf350cbe]
[www.califloyoga.com/service-page/railroad-ashtanga-mysore-yoga.html]
[www.califloyoga.com/service-page/5-yoga.html]
[www.califloyoga.com/service-page/railroad-power-flo-1.html]
[static.wixstatic.com/media/25937b_d8c76005fa9b46f090e45c33d2e43aae_mv2.jpe/v1/fill/w_50,h_33,al_c,q_80,usm_0.66_1.00_0.01,blur_3,e/25937b_d8c76005fa9b46f090e45c33]
[www.califloyoga.com/service-page/ashtanga-led-primary.html]
[static.wixstatic.com/media/25937b_971d0aec01e741ec9ef2efa3cc9ecfa2_mv2.jpg/v1/fill/w_45,h_50,al_c,q_80,usm_0.66_1.00_0.01,blur_3,e/25937b_971d0aec01e741ec9ef2efa3]
[www.califloyoga.com/service-page/railroad-energize-flo-1.html]
[static.wixstatic.com/media/25937b_2b9be510ba4642b2b95df8b52d760a4f_mv2.jpe/v1/fill/w_50,h_33,al_c,q_80,usm_0.66_1.00_0.01,blur_3,e/25937b_2b9be510ba4642b2b95df8b5]
[www.califloyoga.com/service-page/railroad-cookie-cutter-vinyasa-flo.html]
[www.califloyoga.com/service-page/railroad-power-flo-2.html]
[static.wixstatic.com/media/25937b_56df7808c52b434386877ccb1efc2780_mv2.jpe/v1/fill/w_33,h_50,al_c,q_80,usm_0.66_1.00_0.01,blur_3,e/25937b_56df7808c52b434386877ccb]
[www.califloyoga.com/service-page/railroad-energize-flo-2.html]
[static.wixstatic.com/media/25937b_3cc34111557b4947b1ae5a81d9811082_mv2.jpg/v1/fill/w_33,h_50,al_c,q_80,usm_0.66_1.00_0.01,blur_3,e/25937b_3cc34111557b4947b1ae5a81]
[www.califloyoga.com/service-page/railroad-restorative-yoga-yoga-nidra.html]
[static.wixstatic.com/media/25937b_b798dee76f114d68962be09127fd13a7_mv2.jpg/v1/fill/w_50,h_33,al_c,q_80,usm_0.66_1.00_0.01,blur_3,e/25937b_b798dee76f114d68962be091]
[www.califloyoga.com/service-page/railroad-core-power-flo.html]
[www.califloyoga.com/service-page/railroad-beginner-s-hatha-yoga.html]
[static.wixstatic.com/media/25937b_560f54cdc1544cb2a688ffb481b10835_mv2.png/v1/fill/w_50,h_50,al_c,q_85,usm_0.66_1.00_0.01,blur_3,e/25937b_560f54cdc1544cb2a688ffb4]
[www.califloyoga.com/service-page/reiki-level-1-certification-course.html]
[www.califloyoga.com/service-page/reiki-level-ii-certification-course.html]
[www.califloyoga.com/service-page/reiki-level-iii-certification-course.html]
[www.califloyoga.com/service-page/aquarian-all-levels-flo.html]
[www.califloyoga.com/service-page/aquarian-restorative-flo.html]
[www.califloyoga.com/service-page/aquarian-viniyoga.html]
[www.califloyoga.com/service-page/aquarian-beginner-flo.html]
[www.califloyoga.com/service-page/aquarian-prenatal-flo.html]
[www.califloyoga.com/service-page/ac-mindful-meditation-stretch-flo.html]
[images-vod.wixmp.com/25937b77-d038-4a81-86a5-03f421499ab0/images/829e5477efce41ca93cace1d2913b4daf002/v1/fill/w_975,h_548,q_85,usm_0.66_1.00_0.01/file.jpg]
[www.califloyoga.com/service-page/embody-yoga-ytt-program-jessica-clark-1.html]
[www.califloyoga.com/book-online.html]
[static.parastorage.com/services/pricing-plans-tpa/1.2216.0/client/List.chunk.min.css]
[static.parastorage.com/services/pricing-plans-tpa/1.2216.0/client/7724.chunk.min.js]
[static.parastorage.com/services/pricing-plans-tpa/1.2216.0/client/List.chunk.min.js]
[www.califloyoga.com/plans-pricing.html]
[www.califloyoga.com/eventschedule.html]
[www.califloyoga.com/book-online5ed7.html]
[www.califloyoga.com/2b8b066f.min.76.delayed]
[www.califloyoga.com/services-4.html]
[static.parastorage.com/services/pro-gallery-santa-wrapper/1.2776.0/staticCss.min.css]
[static.wixstatic.com/media/25937b_fdeb2a3dbeed402c9985c3d9ca95f021_mv2.jpg/v1/fill/w_413,h_415,al_c,q_80,usm_0.66_1.00_0.01,enc_au/3FE53AF9-FF8A-47EB-B776-C16DE99]
[static.wixstatic.com/media/25937b_9abc5586c8844cc1a5b2024277ac8369_mv2.jpg/v1/fill/w_221,h_147,q_90/25937b_9abc5586c8844cc1a5b2024277ac8369_mv2.jpg]
[static.wixstatic.com/media/25937b_b798dee76f114d68962be09127fd13a7_mv2.jpg/v1/fill/w_221,h_147,q_90/25937b_b798dee76f114d68962be09127fd13a7_mv2.jpg]
[www.califloyoga.com/service-page/embody-yoga-ytt-program-jessica-clark-18938.html]
[static.wixstatic.com/media/25937b_639fbb1e85924c58a5dea6f4213b608a_mv2.jpg/v1/fill/w_447,h_299,q_90/25937b_639fbb1e85924c58a5dea6f4213b608a_mv2.jpg]
[static.wixstatic.com/media/25937b_4d7456e45a5f4a4f843ddf06f422b2a4_mv2.jpg/v1/fill/w_206,h_138,q_90/25937b_4d7456e45a5f4a4f843ddf06f422b2a4_mv2.jpg]
[static.wixstatic.com/media/25937b_3cc34111557b4947b1ae5a81d9811082_mv2.jpg/v1/fill/w_206,h_308,q_90/25937b_3cc34111557b4947b1ae5a81d9811082_mv2.jpg]
[static.wixstatic.com/media/25937b_dbb3fc9f05ab456296b633af055a251d_mv2.jpg/v1/fill/w_447,h_299,q_90/25937b_dbb3fc9f05ab456296b633af055a251d_mv2.jpg]
[static.wixstatic.com/media/25937b_4e404638ead34183b9b9e0080252ed52_mv2.jpg/v1/fill/w_221,h_147,q_90/25937b_4e404638ead34183b9b9e0080252ed52_mv2.jpg]
[static.wixstatic.com/media/25937b_9285a9b5f9bc4c6b937edc6b79c7adcb_mv2.jpg/v1/fill/w_221,h_147,q_90/25937b_9285a9b5f9bc4c6b937edc6b79c7adcb_mv2.jpg]
[static.wixstatic.com/media/25937b_0419312bf7054277b3a83a1d297348e8_mv2.jpg/v1/fill/w_221,h_147,q_90/25937b_0419312bf7054277b3a83a1d297348e8_mv2.jpg]
[static.wixstatic.com/media/25937b_86d4753f388f486c943d908033acbdac_mv2.jpg/v1/fill/w_221,h_147,q_90/25937b_86d4753f388f486c943d908033acbdac_mv2.jpg]
[static.wixstatic.com/media/25937b_86d4753f388f486c943d908033acbdac_mv2.jpg/v1/fill/w_447,h_299,q_90/25937b_86d4753f388f486c943d908033acbdac_mv2.jpg]
[www.califloyoga.com/services-7.html]
[www.califloyoga.com/service-page/reiki-level-1-certification-courseabf9.html]
[www.califloyoga.com/service-page/reiki-level-ii-certification-courseabf9.html]
[www.califloyoga.com/copy-of-embody-yoga-teacher-training.html]
[www.califloyoga.com/team.html]
[static.wixstatic.com/media/25937b_338b1e9b235b402091927fb5e8aa93b9_mv2.jpe/v1/fill/w_61,h_60,al_c,q_80,usm_0.66_1.00_0.01,blur_2,e/25937b_338b1e9b235b402091927fb5]
[static.wixstatic.com/media/25937b_b76cf1905400498c9f41e293731ad7a7_mv2.jpg/v1/crop/x_0,y_217,w_3695,h_2552/fill/w_544,h_376,al_c,q_80,usm_0/IMG_0258 (2).88.delaye]
[static.wixstatic.com/media/25937b_e34d53b75352496796b10d81fa292792_mv2.jpg/v1/fill/w_61,h_98,al_c,q_80,usm_0.66_1.00_0.01,blur_2,e/25937b_e34d53b75352496796b10d81]
[static.wixstatic.com/media/25937b_7b642cad794c4f128a573ca053b04c2c_mv2.jpg/v1/fill/w_61,h_92,al_c,q_80,usm_0.66_1.00_0.01,blur_2,e/25937b_7b642cad794c4f128a573ca0]
[www.califloyoga.com/service-page/reiki-level-iii-certification-courseabf9.html]
[static.wixstatic.com/media/25937b_2fe21f80d2d84534a7f8cb2f421582f4_mv2.jpe/v1/fill/w_61,h_92,al_c,q_80,usm_0.66_1.00_0.01,blur_2,e/25937b_2fe21f80d2d84534a7f8cb2f]
[static.wixstatic.com/media/25937b_5128c189784f46a49827e3a8e2736fd1_mv2.jpg/v1/fill/w_61,h_92,al_c,q_80,usm_0.66_1.00_0.01,blur_2,e/25937b_5128c189784f46a49827e3a8]
[static.wixstatic.com/media/25937b_b7da271f2be44e07a02952f48b0537c8_mv2.jpe/v1/fill/w_61,h_82,al_c,q_80,usm_0.66_1.00_0.01,blur_2,e/25937b_b7da271f2be44e07a02952f4]
[static.wixstatic.com/media/25937b_4fd483df713946d2819884f9e071f475_mv2.jpg/v1/fill/w_61,h_67,al_c,q_80,usm_0.66_1.00_0.01,blur_2,e/25937b_4fd483df713946d2819884f9]
[static.wixstatic.com/media/25937b_8fb27d42f48e4466af0676f58f0e2d7c_mv2.jpg/v1/fill/w_61,h_63,al_c,q_80,usm_0.66_1.00_0.01,blur_2,e/25937b_8fb27d42f48e4466af0676f5]
[static.wixstatic.com/media/25937b_314fde7ec2e4442296e026ab241228d3_mv2.png/v1/fill/w_61,h_61,al_c,q_85,usm_0.66_1.00_0.01,blur_2,e/25937b_314fde7ec2e4442296e026ab]
[static.wixstatic.com/media/25937b_560f54cdc1544cb2a688ffb481b10835_mv2.png/v1/fill/w_61,h_61,al_c,q_85,usm_0.66_1.00_0.01,blur_2,e/25937b_560f54cdc1544cb2a688ffb4]
[static.wixstatic.com/media/25937b_170ca646c599453abbd717bdb98110f5_mv2.png/v1/fill/w_61,h_82,al_c,q_85,usm_0.66_1.00_0.01,blur_2,e/25937b_170ca646c599453abbd717bd]
[static.wixstatic.com/media/25937b_ef5f5b224c644c5ba171c610f10cbd69_mv2.png/v1/fill/w_61,h_61,al_c,q_85,usm_0.66_1.00_0.01,blur_2,e/25937b_ef5f5b224c644c5ba171c610]
[static.wixstatic.com/media/25937b_972bcfeab0794d2abfaa16f57729299a_mv2.jpe/v1/fill/w_61,h_92,al_c,q_80,usm_0.66_1.00_0.01,blur_2,e/25937b_972bcfeab0794d2abfaa16f5]
[static.wixstatic.com/media/25937b_fdeb2a3dbeed402c9985c3d9ca95f021_mv2.jpg/v1/fill/w_61,h_92,al_c,q_80,usm_0.66_1.00_0.01,blur_2,e/25937b_fdeb2a3dbeed402c9985c3d9]
[www.califloyoga.com/event-details/decodeURIComponent(e.html]
[static.wixstatic.com/media/25937b_3374ab4abd5143fb8f5a1d010fec4e4a_mv2.jpg/v1/fill/w_61,h_96,al_c,q_80,usm_0.66_1.00_0.01,blur_2,e/25937b_3374ab4abd5143fb8f5a1d01]
[static.wixstatic.com/media/25937b_276be5c3207f4906a93737ded453b458_mv2.jpg/v1/fill/w_61,h_96,al_c,q_80,usm_0.66_1.00_0.01,blur_2,e/25937b_276be5c3207f4906a93737de]
[static.wixstatic.com/media/25937b_fdac81e332cf4f84b31683dbd023a3e8_mv2.jpg/v1/fill/w_61,h_99,al_c,q_80,usm_0.66_1.00_0.01,blur_2,e/25937b_fdac81e332cf4f84b31683db]
[static.wixstatic.com/media/25937b_aa4e0c41d5384070bc6396c58ff46791_mv2.jpg/v1/fill/w_61,h_71,al_c,q_80,usm_0.66_1.00_0.01,blur_2,e/25937b_aa4e0c41d5384070bc6396c5]
[static.wixstatic.com/media/11062b_4b7c9a8e48334d5aad2fd274fddba3bc_mv2.jpg/v1/fill/w_61,h_41,al_c,q_80,usm_0.66_1.00_0.01,blur_2,e/11062b_4b7c9a8e48334d5aad2fd274]
[static.wixstatic.com/media/25937b_d5ed484a372c445b854e59da3a3212cb_mv2.jpe/v1/fill/w_61,h_82,al_c,q_80,usm_0.66_1.00_0.01,blur_2,e/25937b_d5ed484a372c445b854e59da]
[static.wixstatic.com/media/25937b_01acfab5e2f443429f685ac034278a54_mv2.jpe/v1/fill/w_61,h_82,al_c,q_80,usm_0.66_1.00_0.01,blur_2,e/25937b_01acfab5e2f443429f685ac0]
[static.wixstatic.com/media/25937b_d963f7d79cf64d3997c0255b9ff6b336_mv2.png/v1/fill/w_61,h_41,al_c,q_85,usm_0.66_1.00_0.01,blur_2,e/25937b_d963f7d79cf64d3997c0255b]
[static.wixstatic.com/media/25937b_316a56e55d654e279a02283947da6939_mv2.jpe/v1/fill/w_61,h_61,al_c,q_80,usm_0.66_1.00_0.01,blur_2,e/25937b_316a56e55d654e279a022839]
[static.wixstatic.com/media/25937b_189e3c373446433689d9e8fbea53f627_mv2.jpg/v1/fill/w_61,h_78,al_c,q_80,usm_0.66_1.00_0.01,blur_2,e/25937b_189e3c373446433689d9e8fb]
[www.califloyoga.com/event-details/robots.html]
[www.califloyoga.com/event-details/sitemap.a3.delayed]
[www.califloyoga.com/event-details/feed.a4.delayed]
[www.califloyoga.com/event-details/da6c52cb.min.html]
[www.califloyoga.com/event-details/version/index.html]
[www.califloyoga.com/event-details/b604fd33.min.html]
[www.califloyoga.com/event-details/9455f099.min.html]
[www.califloyoga.com/event-details/ba99686b.min.html]
[www.califloyoga.com/event-details/caeea34d.min.html]
[www.califloyoga.com/event-details/99a6a99f.min.html]
[www.califloyoga.com/event-details/7a36fe10.chunk.min.html]
[www.califloyoga.com/event-details/rb_wixui.thunderbolt_bootstrap-classic.db545a77.chunk.min.html]
[www.califloyoga.com/event-details/rb_wixui.thunderbolt_bootstrap.8a86afda.chunk.min.html]
[www.califloyoga.com/event-details/rb_wixui.thunderbolt_bootstrap.7a36fe10.chunk.min.html]
[www.califloyoga.com/event-details/rb_wixui.thunderbolt_bootstrap-responsive.f3ca696f.chunk.min.html]
[www.califloyoga.com/event-details/mats-at-township-11.html]
[www.califloyoga.com/event-details/sound-bath-20.html]
[www.califloyoga.com/event-details/pints-poses-5.html]
[www.califloyoga.com/version/index.html]
[www.califloyoga.com/1a5cb388.min.html]
[www.califloyoga.com/event-details/rb_wixui.thunderbolt_bootstrap-responsive.e3671379.chunk.min.html]
[www.califloyoga.com/service-page/sitemap.b3.delayed]
[www.califloyoga.com/service-page/decodeURIComponent(e.html]
[www.califloyoga.com/service-page/robots.html]
[www.califloyoga.com/service-page/feed.b4.delayed]
[www.califloyoga.com/service-page/da6c52cb.min.html]
[www.califloyoga.com/service-page/b604fd33.min.html]
[www.califloyoga.com/service-page/9455f099.min.html]
[www.califloyoga.com/service-page/ba99686b.min.html]
[www.califloyoga.com/service-page/caeea34d.min.html]
[www.califloyoga.com/service-page/99a6a99f.min.html]
[www.califloyoga.com/service-page/7a36fe10.chunk.min.html]
[www.califloyoga.com/service-page/rb_wixui.thunderbolt_bootstrap-classic.db545a77.chunk.min.html]
[www.califloyoga.com/service-page/rb_wixui.thunderbolt_bootstrap.8a86afda.chunk.min.html]
[www.califloyoga.com/service-page/rb_wixui.thunderbolt_bootstrap.7a36fe10.chunk.min.html]
[www.califloyoga.com/service-page/rb_wixui.thunderbolt_bootstrap-responsive.f3ca696f.chunk.min.html]
[www.califloyoga.com/service-page/railroad-noon-flo.html]
[www.califloyoga.com/service-page/railroad-square-flo.html]
[www.califloyoga.com/service-page/railroad-power-flo.html]
[www.califloyoga.com/service-page/railroad-soul-flo-1.html]
[www.califloyoga.com/service-page/railroad-align-and-flo.html]
[www.califloyoga.com/service-page/railroad-intermediate-flo.html]
[www.califloyoga.com/service-page/railroad-soul-flo-2.html]
[www.califloyoga.com/service-page/railroad-divine-donation-flo-1.html]
[www.califloyoga.com/service-page/railroad-yin-yoga-mediation.html]
[www.califloyoga.com/service-page/railroad-sunrise-flo.html]
[www.califloyoga.com/service-page/railroad-power-flo-1.html]
[www.califloyoga.com/service-page/railroad-ashtanga-mysore-yoga.html]
[www.califloyoga.com/service-page/5-yoga.html]
[www.califloyoga.com/service-page/ashtanga-led-primary.html]
[www.califloyoga.com/service-page/railroad-energize-flo-1.html]
[www.califloyoga.com/service-page/railroad-cookie-cutter-vinyasa-flo.html]
[www.califloyoga.com/service-page/railroad-power-flo-2.html]
[www.califloyoga.com/service-page/railroad-energize-flo-2.html]
[www.califloyoga.com/service-page/railroad-restorative-yoga-yoga-nidra.html]
[www.califloyoga.com/service-page/railroad-core-power-flo.html]
[www.califloyoga.com/service-page/railroad-beginner-s-hatha-yoga.html]
[www.califloyoga.com/service-page/reiki-level-1-certification-course.html]
[www.califloyoga.com/service-page/reiki-level-ii-certification-course.html]
[www.califloyoga.com/service-page/reiki-level-iii-certification-course.html]
[www.califloyoga.com/service-page/aquarian-all-levels-flo.html]
[www.califloyoga.com/service-page/aquarian-restorative-flo.html]
[www.califloyoga.com/service-page/aquarian-viniyoga.html]
[www.califloyoga.com/service-page/aquarian-beginner-flo.html]
[www.califloyoga.com/service-page/aquarian-prenatal-flo.html]
[www.califloyoga.com/service-page/ac-mindful-meditation-stretch-flo.html]
[static.wixstatic.com/media/2dfe99_8a279aca2b2e4205882b206e944e2259_mv2.jpg/v1/fill/w_50,h_33,al_c,q_80,usm_0.66_1.00_0.01,blur_3,e/2dfe99_8a279aca2b2e4205882b206e]
[www.califloyoga.com/service-page/embody-yoga-ytt-program-jessica-clark-1.html]
[www.califloyoga.com/book-online5ed7.html]
[static.parastorage.com/services/pricing-plans-tpa/1.2216.0/client/List.chunk.min.css]
[www.califloyoga.com/2b8b066f.min.html]
[www.califloyoga.com/service-page/embody-yoga-ytt-program-jessica-clark-18938.html]
[static.parastorage.com/services/pro-gallery-santa-wrapper/1.2776.0/staticCss.min.css]
[static.parastorage.com/services/pro-gallery-santa-wrapper/1.2776.0/media/emptystate.f4c750b6.svg]
[www.califloyoga.com/service-page/reiki-level-1-certification-courseabf9.html]
[www.califloyoga.com/service-page/reiki-level-ii-certification-courseabf9.html]
[www.califloyoga.com/service-page/reiki-level-iii-certification-courseabf9.html]
[www.califloyoga.com/service-page/version/index.html]
[www.califloyoga.com/service-page/rb_wixui.thunderbolt_bootstrap-responsive.e3671379.chunk.min.html]
[www.califloyoga.com/event-details/decodeURIComponent(e.html]
[www.califloyoga.com/event-details/robots.html]
[www.califloyoga.com/event-details/sitemap.html]
[www.califloyoga.com/event-details/feed.html]
[www.califloyoga.com/event-details/sound-bath-21.html]
[www.califloyoga.com/event-details/version/decodeURIComponent(e.html]
[www.califloyoga.com/event-details/version/sitemap.c6.delayed]
[www.califloyoga.com/event-details/version/robots.html]
[www.califloyoga.com/event-details/version/feed.c7.delayed]
[www.califloyoga.com/event-details/version/da6c52cb.min.html]
[www.califloyoga.com/event-details/version/version/index.html]
[www.califloyoga.com/event-details/version/b604fd33.min.html]
[www.califloyoga.com/event-details/version/9455f099.min.html]
[www.califloyoga.com/event-details/version/ba99686b.min.html]
[www.califloyoga.com/event-details/version/caeea34d.min.html]
[www.califloyoga.com/event-details/version/99a6a99f.min.html]
[www.califloyoga.com/event-details/version/7a36fe10.chunk.min.html]
[www.califloyoga.com/event-details/version/rb_wixui.thunderbolt_bootstrap-classic.db545a77.chunk.min.html]
[www.califloyoga.com/event-details/version/rb_wixui.thunderbolt_bootstrap.8a86afda.chunk.min.html]
[www.califloyoga.com/event-details/version/rb_wixui.thunderbolt_bootstrap.7a36fe10.chunk.min.html]
[www.califloyoga.com/event-details/version/rb_wixui.thunderbolt_bootstrap-responsive.f3ca696f.chunk.min.html]
[www.califloyoga.com/event-details/version/index.html]
[www.califloyoga.com/event-details/da6c52cb.min.html]
[www.califloyoga.com/event-details/b604fd33.min.html]
[www.califloyoga.com/event-details/9455f099.min.html]
[www.califloyoga.com/event-details/ba99686b.min.html]
[www.califloyoga.com/event-details/caeea34d.min.html]
[www.califloyoga.com/event-details/99a6a99f.min.html]
[www.califloyoga.com/event-details/7a36fe10.chunk.min.html]
[www.califloyoga.com/event-details/rb_wixui.thunderbolt_bootstrap-classic.db545a77.chunk.min.html]
[www.califloyoga.com/event-details/rb_wixui.thunderbolt_bootstrap.8a86afda.chunk.min.html]
[www.califloyoga.com/event-details/rb_wixui.thunderbolt_bootstrap.7a36fe10.chunk.min.html]
[www.califloyoga.com/event-details/rb_wixui.thunderbolt_bootstrap-responsive.f3ca696f.chunk.min.html]
[www.califloyoga.com/event-details/rb_wixui.thunderbolt_bootstrap-responsive.e3671379.chunk.min.html]
[www.califloyoga.com/service-page/decodeURIComponent(e.html]
[www.califloyoga.com/service-page/robots.html]
[www.califloyoga.com/service-page/sitemap.html]
[www.califloyoga.com/service-page/feed.html]
[www.califloyoga.com/service-page/da6c52cb.min.html]
[www.califloyoga.com/service-page/b604fd33.min.html]
[www.califloyoga.com/service-page/9455f099.min.html]
[www.califloyoga.com/service-page/ba99686b.min.html]
[www.califloyoga.com/service-page/caeea34d.min.html]
[www.califloyoga.com/service-page/99a6a99f.min.html]
[www.califloyoga.com/service-page/7a36fe10.chunk.min.html]
[www.califloyoga.com/service-page/rb_wixui.thunderbolt_bootstrap-classic.db545a77.chunk.min.html]
[www.califloyoga.com/service-page/rb_wixui.thunderbolt_bootstrap.8a86afda.chunk.min.html]
[www.califloyoga.com/service-page/rb_wixui.thunderbolt_bootstrap.7a36fe10.chunk.min.html]
[www.califloyoga.com/service-page/rb_wixui.thunderbolt_bootstrap-responsive.f3ca696f.chunk.min.html]
[www.califloyoga.com/service-page/rb_wixui.thunderbolt_bootstrap-responsive.e3671379.chunk.min.html]
[www.califloyoga.com/event-details/version/rb_wixui.thunderbolt_bootstrap-responsive.e3671379.chunk.min.html]
[www.califloyoga.com/service-page/version/decodeURIComponent(e.html]
[www.califloyoga.com/service-page/version/sitemap.d6.delayed]
[www.califloyoga.com/service-page/version/robots.html]
[www.califloyoga.com/service-page/version/feed.d7.delayed]
[www.califloyoga.com/service-page/version.html]
[www.califloyoga.com/service-page/version/da6c52cb.min.html]
[www.califloyoga.com/service-page/version/b604fd33.min.html]
[www.califloyoga.com/service-page/version/9455f099.min.html]
[www.califloyoga.com/service-page/version/ba99686b.min.html]
[www.califloyoga.com/service-page/version/caeea34d.min.html]
[www.califloyoga.com/service-page/version/99a6a99f.min.html]
[www.califloyoga.com/service-page/version/7a36fe10.chunk.min.html]
[www.califloyoga.com/service-page/version/rb_wixui.thunderbolt_bootstrap-classic.db545a77.chunk.min.html]
[www.califloyoga.com/service-page/version/rb_wixui.thunderbolt_bootstrap.8a86afda.chunk.min.html]
[www.califloyoga.com/service-page/version/rb_wixui.thunderbolt_bootstrap.7a36fe10.chunk.min.html]
[www.califloyoga.com/service-page/version/rb_wixui.thunderbolt_bootstrap-responsive.f3ca696f.chunk.min.html]
[www.califloyoga.com/service-page/version/index.html]
[static.parastorage.com/services/pro-gallery-santa-wrapper/1.2776.0/media/emptystate.f4c750b6.svg]
[www.califloyoga.com/event-details/sound-bath-21.html]
[www.califloyoga.com/event-details/version/decodeURIComponent(e.html]
[www.califloyoga.com/event-details/version/robots.html]
[www.califloyoga.com/event-details/version/sitemap.html]
[www.califloyoga.com/event-details/version/feed.html]
[www.califloyoga.com/service-page/version/rb_wixui.thunderbolt_bootstrap-responsive.e3671379.chunk.min.html]
[www.califloyoga.com/event-details/version/version/decodeURIComponent(e.html]
[www.califloyoga.com/event-details/version/version/robots.html]
[www.califloyoga.com/event-details/version/version/sitemap.e7.delayed]
[www.califloyoga.com/event-details/version/version/feed.e8.delayed]
[www.califloyoga.com/event-details/version/version.html]
[www.califloyoga.com/event-details/version/version/da6c52cb.min.html]
[www.califloyoga.com/event-details/version/version/b604fd33.min.html]
[www.califloyoga.com/event-details/version/version/9455f099.min.html]
[www.califloyoga.com/event-details/version/version/ba99686b.min.html]
[www.califloyoga.com/event-details/version/version/caeea34d.min.html]
[www.califloyoga.com/event-details/version/version/99a6a99f.min.html]
[www.califloyoga.com/event-details/version/version/7a36fe10.chunk.min.html]
[www.califloyoga.com/event-details/version/version/rb_wixui.thunderbolt_bootstrap-classic.db545a77.chunk.min.html]
[www.califloyoga.com/event-details/version/version/rb_wixui.thunderbolt_bootstrap.8a86afda.chunk.min.html]
[www.califloyoga.com/event-details/version/version/rb_wixui.thunderbolt_bootstrap.7a36fe10.chunk.min.html]
[www.califloyoga.com/event-details/version/version/rb_wixui.thunderbolt_bootstrap-responsive.f3ca696f.chunk.min.html]
[www.califloyoga.com/event-details/version/version/index.html]
[www.califloyoga.com/event-details/version/da6c52cb.min.html]
[www.califloyoga.com/event-details/version/b604fd33.min.html]
[www.califloyoga.com/event-details/version/9455f099.min.html]
[www.califloyoga.com/event-details/version/ba99686b.min.html]
[www.califloyoga.com/event-details/version/caeea34d.min.html]
[www.califloyoga.com/event-details/version/99a6a99f.min.html]
[www.califloyoga.com/event-details/version/7a36fe10.chunk.min.html]
[www.califloyoga.com/event-details/version/rb_wixui.thunderbolt_bootstrap-classic.db545a77.chunk.min.html]
[www.califloyoga.com/event-details/version/rb_wixui.thunderbolt_bootstrap.8a86afda.chunk.min.html]
[www.califloyoga.com/event-details/version/rb_wixui.thunderbolt_bootstrap.7a36fe10.chunk.min.html]
[www.califloyoga.com/event-details/version/rb_wixui.thunderbolt_bootstrap-responsive.f3ca696f.chunk.min.html]
[www.califloyoga.com/event-details/version/rb_wixui.thunderbolt_bootstrap-responsive.e3671379.chunk.min.html]
[www.califloyoga.com/service-page/version/decodeURIComponent(e.html]
[www.califloyoga.com/service-page/version/robots.html]
[www.califloyoga.com/service-page/version/sitemap.html]
[www.califloyoga.com/service-page/version/feed.html]
[www.califloyoga.com/service-page/version.html]
[www.califloyoga.com/service-page/version/da6c52cb.min.html]
[www.califloyoga.com/service-page/version/b604fd33.min.html]
[www.califloyoga.com/service-page/version/9455f099.min.html]
[www.califloyoga.com/service-page/version/ba99686b.min.html]
[www.califloyoga.com/service-page/version/caeea34d.min.html]
[www.califloyoga.com/service-page/version/99a6a99f.min.html]
[www.califloyoga.com/service-page/version/7a36fe10.chunk.min.html]
[www.califloyoga.com/service-page/version/rb_wixui.thunderbolt_bootstrap-classic.db545a77.chunk.min.html]
[www.califloyoga.com/service-page/version/rb_wixui.thunderbolt_bootstrap.8a86afda.chunk.min.html]
[www.califloyoga.com/service-page/version/rb_wixui.thunderbolt_bootstrap.7a36fe10.chunk.min.html]
[www.califloyoga.com/service-page/version/rb_wixui.thunderbolt_bootstrap-responsive.f3ca696f.chunk.min.html]
[www.califloyoga.com/service-page/version/rb_wixui.thunderbolt_bootstrap-responsive.e3671379.chunk.min.html]
[www.califloyoga.com/event-details/version/version/decodeURIComponent(e.html]
[www.califloyoga.com/event-details/version/version/robots.html]
[www.califloyoga.com/event-details/version/version/sitemap.html]
[www.califloyoga.com/event-details/version/version/feed.html]
[www.califloyoga.com/event-details/version/version.html]
[www.califloyoga.com/event-details/version/version/da6c52cb.min.html]
[www.califloyoga.com/event-details/version/version/b604fd33.min.html]
[www.califloyoga.com/event-details/version/version/9455f099.min.html]
[www.califloyoga.com/event-details/version/version/ba99686b.min.html]
[www.califloyoga.com/event-details/version/version/caeea34d.min.html]
[www.califloyoga.com/event-details/version/version/99a6a99f.min.html]
[www.califloyoga.com/event-details/version/version/7a36fe10.chunk.min.html]
[www.califloyoga.com/event-details/version/version/rb_wixui.thunderbolt_bootstrap-classic.db545a77.chunk.min.html]
[www.califloyoga.com/event-details/version/version/rb_wixui.thunderbolt_bootstrap.8a86afda.chunk.min.html]
[www.califloyoga.com/event-details/version/version/rb_wixui.thunderbolt_bootstrap.7a36fe10.chunk.min.html]
[www.califloyoga.com/event-details/version/version/rb_wixui.thunderbolt_bootstrap-responsive.f3ca696f.chunk.min.html]
[www.califloyoga.com/event-details/version/version/version/index.html]
[www.califloyoga.com/service-page/version/version/index.html]
[www.califloyoga.com/event-details/version/version/rb_wixui.thunderbolt_bootstrap-responsive.e3671379.chunk.min.html]
[www.califloyoga.com/event-details/version/version/rb_wixui.thunderbolt_bootstrap-responsive.e3671379.chunk.min.html]
[www.califloyoga.com/service-page/version/version/decodeURIComponent(e.html]
[www.califloyoga.com/service-page/version/version/sitemap.f8.delayed]
[www.califloyoga.com/service-page/version/version/robots.html]
[www.califloyoga.com/service-page/version/version/feed.f9.delayed]
[www.califloyoga.com/service-page/version/version.html]
[www.califloyoga.com/service-page/version/version/da6c52cb.min.html]
[www.califloyoga.com/service-page/version/version/b604fd33.min.html]
[www.califloyoga.com/service-page/version/version/9455f099.min.html]
[www.califloyoga.com/service-page/version/version/ba99686b.min.html]
[www.califloyoga.com/service-page/version/version/99a6a99f.min.html]
[www.califloyoga.com/service-page/version/version/caeea34d.min.html]
[www.califloyoga.com/service-page/version/version/7a36fe10.chunk.min.html]
[www.califloyoga.com/service-page/version/version/rb_wixui.thunderbolt_bootstrap.8a86afda.chunk.min.html]
[www.califloyoga.com/service-page/version/version/rb_wixui.thunderbolt_bootstrap.7a36fe10.chunk.min.html]
[www.califloyoga.com/service-page/version/version/rb_wixui.thunderbolt_bootstrap-classic.db545a77.chunk.min.html]
[www.califloyoga.com/service-page/version/version/rb_wixui.thunderbolt_bootstrap-responsive.f3ca696f.chunk.min.html]
[www.califloyoga.com/service-page/version/version/index.html]
[www.califloyoga.com/service-page/version/version/rb_wixui.thunderbolt_bootstrap-responsive.e3671379.chunk.min.html]
[www.califloyoga.com/event-details/version/version/version/decodeURIComponent(e.html]
[www.califloyoga.com/event-details/version/version/version/sitemap.109.delayed]
[www.califloyoga.com/event-details/version/version/version/robots.html]
[www.califloyoga.com/event-details/version/version/version/feed.10a.delayed]
[www.califloyoga.com/event-details/version/version/version/version/index.html]
[www.califloyoga.com/event-details/version/version/version.html]
[www.califloyoga.com/event-details/version/version/version/da6c52cb.min.html]
[www.califloyoga.com/event-details/version/version/version/b604fd33.min.html]
[www.califloyoga.com/event-details/version/version/version/9455f099.min.html]
[www.califloyoga.com/event-details/version/version/version/ba99686b.min.html]
[www.califloyoga.com/event-details/version/version/version/caeea34d.min.html]
[www.califloyoga.com/event-details/version/version/version/99a6a99f.min.html]
[www.califloyoga.com/event-details/version/version/version/7a36fe10.chunk.min.html]
[www.califloyoga.com/event-details/version/version/version/rb_wixui.thunderbolt_bootstrap-classic.db545a77.chunk.min.html]
[www.califloyoga.com/event-details/version/version/version/rb_wixui.thunderbolt_bootstrap.8a86afda.chunk.min.html]
[www.califloyoga.com/event-details/version/version/version/rb_wixui.thunderbolt_bootstrap.7a36fe10.chunk.min.html]
[www.califloyoga.com/event-details/version/version/version/rb_wixui.thunderbolt_bootstrap-responsive.f3ca696f.chunk.min.html]
[www.califloyoga.com/event-details/version/version/version/index.html]
[www.califloyoga.com/service-page/version/version/decodeURIComponent(e.html]
[www.califloyoga.com/service-page/version/version/robots.html]
[www.califloyoga.com/service-page/version/version/sitemap.html]
[www.califloyoga.com/service-page/version/version/feed.html]
[www.califloyoga.com/service-page/version/version.html]
[www.califloyoga.com/service-page/version/version/da6c52cb.min.html]
[www.califloyoga.com/service-page/version/version/b604fd33.min.html]
[www.califloyoga.com/service-page/version/version/9455f099.min.html]
[www.califloyoga.com/service-page/version/version/ba99686b.min.html]
[www.califloyoga.com/service-page/version/version/caeea34d.min.html]
[www.califloyoga.com/service-page/version/version/99a6a99f.min.html]
[www.califloyoga.com/service-page/version/version/7a36fe10.chunk.min.html]
[www.califloyoga.com/service-page/version/version/rb_wixui.thunderbolt_bootstrap-classic.db545a77.chunk.min.html]
[www.califloyoga.com/service-page/version/version/rb_wixui.thunderbolt_bootstrap.8a86afda.chunk.min.html]
[www.califloyoga.com/service-page/version/version/rb_wixui.thunderbolt_bootstrap.7a36fe10.chunk.min.html]
[www.califloyoga.com/service-page/version/version/rb_wixui.thunderbolt_bootstrap-responsive.f3ca696f.chunk.min.html]
[www.califloyoga.com/service-page/version/version/rb_wixui.thunderbolt_bootstrap-responsive.e3671379.chunk.min.html]
[www.califloyoga.com/event-details/version/version/version/decodeURIComponent(e.html]
[www.califloyoga.com/event-details/version/version/version/robots.html]
[www.califloyoga.com/event-details/version/version/version/sitemap.html]
[www.califloyoga.com/event-details/version/version/version/feed.html]
[www.califloyoga.com/service-page/version/version/version/index.html]
[www.califloyoga.com/event-details/version/version/version/rb_wixui.thunderbolt_bootstrap-responsive.e3671379.chunk.min.html]
[www.califloyoga.com/event-details/version/version/version/version/decodeURIComponent(e.html]
[www.califloyoga.com/event-details/version/version/version/version/robots.html]
[www.califloyoga.com/event-details/version/version/version/version/sitemap.11a.delayed]
[www.califloyoga.com/event-details/version/version/version/version/feed.11b.delayed]
[www.califloyoga.com/event-details/version/version/version/version.html]
[www.califloyoga.com/event-details/version/version/version/version/da6c52cb.min.html]
[www.califloyoga.com/event-details/version/version/version/version/b604fd33.min.html]
[www.califloyoga.com/event-details/version/version/version/version/9455f099.min.html]
[www.califloyoga.com/event-details/version/version/version/version/ba99686b.min.html]
[www.califloyoga.com/event-details/version/version/version/version/caeea34d.min.html]
[www.califloyoga.com/event-details/version/version/version/version/99a6a99f.min.html]
[www.califloyoga.com/event-details/version/version/version/version/7a36fe10.chunk.min.html]
[www.califloyoga.com/event-details/version/version/version/version/rb_wixui.thunderbolt_bootstrap-classic.db545a77.chunk.min.html]
[www.califloyoga.com/event-details/version/version/version/version/rb_wixui.thunderbolt_bootstrap.8a86afda.chunk.min.html]
[www.califloyoga.com/event-details/version/version/version/version/rb_wixui.thunderbolt_bootstrap.7a36fe10.chunk.min.html]
[www.califloyoga.com/event-details/version/version/version/version/rb_wixui.thunderbolt_bootstrap-responsive.f3ca696f.chunk.min.html]
[www.califloyoga.com/event-details/version/version/version/version/index.html]
[www.califloyoga.com/event-details/version/version/version.html]
[www.califloyoga.com/event-details/version/version/version/da6c52cb.min.html]
[www.califloyoga.com/event-details/version/version/version/b604fd33.min.html]
[www.califloyoga.com/event-details/version/version/version/9455f099.min.html]
[www.califloyoga.com/event-details/version/version/version/ba99686b.min.html]
[www.califloyoga.com/event-details/version/version/version/caeea34d.min.html]
[www.califloyoga.com/event-details/version/version/version/99a6a99f.min.html]
[www.califloyoga.com/event-details/version/version/version/7a36fe10.chunk.min.html]
[www.califloyoga.com/event-details/version/version/version/rb_wixui.thunderbolt_bootstrap-classic.db545a77.chunk.min.html]
[www.califloyoga.com/event-details/version/version/version/rb_wixui.thunderbolt_bootstrap.8a86afda.chunk.min.html]
[www.califloyoga.com/event-details/version/version/version/rb_wixui.thunderbolt_bootstrap.7a36fe10.chunk.min.html]
[www.califloyoga.com/event-details/version/version/version/rb_wixui.thunderbolt_bootstrap-responsive.f3ca696f.chunk.min.html]
[www.califloyoga.com/event-details/version/version/version/rb_wixui.thunderbolt_bootstrap-responsive.e3671379.chunk.min.html]
[www.califloyoga.com/event-details/version/version/version/version/rb_wixui.thunderbolt_bootstrap-responsive.e3671379.chunk.min.html]
[www.califloyoga.com/service-page/version/version/version/decodeURIComponent(e.html]
[www.califloyoga.com/service-page/version/version/version/robots.html]
[www.califloyoga.com/service-page/version/version/version/sitemap.12b.delayed]
[www.califloyoga.com/service-page/version/version/version/feed.12c.delayed]
[www.califloyoga.com/service-page/version/version/version/version/index.html]
[www.califloyoga.com/service-page/version/version/version.html]
